<area shape="rect" href="$classPlot.html" title="Plot" alt="" coords="805,56,851,83">
<area shape="rect" href="$classObservable.html" title="Observable\&lt; PlotObserver \&gt;" alt="" coords="429,5,635,32">
<area shape="rect" href="$classAreaDraw.html" title="AreaDraw" alt="" coords="491,56,573,83">
<area shape="rect" href="$classDrawObject.html" title="DrawObject" alt="" coords="271,83,364,109">
<area shape="rect" href="$classRenderer.html" title="Renderer" alt="" coords="492,107,572,133">
<area shape="rect" href="$classObservable.html" title="Observable\&lt; DrawObserver \&gt;" alt="" coords="5,83,219,109">
<area shape="rect" href="$classDatasetObserver.html" title="DatasetObserver" alt="" coords="1056,107,1187,133">
<area shape="rect" href="$classCategoryDataset.html" title="CategoryDataset" alt="" coords="1056,157,1187,184">
<area shape="rect" href="$classXYDataset.html" title="XYDataset" alt="" coords="916,157,1004,184">
<area shape="rect" href="$classDataset.html" title="Dataset" alt="" coords="792,157,864,184">
<area shape="rect" href="$classRefObject.html" title="RefObject" alt="" coords="276,185,359,212">
<area shape="rect" href="$classObservable.html" title="Observable\&lt; DatasetObserver \&gt;" alt="" coords="416,157,648,184">
<area shape="rect" href="$classDrawObserver.html" title="DrawObserver" alt="" coords="476,208,588,235">
<area shape="rect" href="$classColorScheme.html" title="ColorScheme" alt="" coords="1068,208,1175,235">
