<area shape="rect" href="$classObservable.html" title="Observable\&lt; ChartObserver \&gt;" alt="" coords="5,263,221,289">
<area shape="rect" href="$classPlotObserver.html" title="PlotObserver" alt="" coords="245,263,349,289">
<area shape="rect" href="$classAxisObserver.html" title="AxisObserver" alt="" coords="373,263,477,289">
<area shape="rect" href="$classAreaDraw.html" title="AreaDraw" alt="" coords="561,167,644,193">
<area shape="rect" href="$classPlot.html" title="Plot" alt="" coords="501,263,547,289">
<area shape="rect" href="$classDrawObject.html" title="DrawObject" alt="" coords="556,87,649,113">
<area shape="rect" href="$classObservable.html" title="Observable\&lt; DrawObserver \&gt;" alt="" coords="496,7,709,33">
<area shape="rect" href="$classAxis.html" title="Axis" alt="" coords="748,263,796,289">
<area shape="rect" href="$classObservable.html" title="Observable\&lt; AxisObserver \&gt;" alt="" coords="668,167,876,193">
<area shape="rect" href="$classObservable.html" title="Observable\&lt; PlotObserver \&gt;" alt="" coords="332,167,537,193">
