<area shape="rect" href="$classChart.html" title="Chart" alt="" coords="148,107,204,133">
<area shape="rect" href="$classDataset.html" title="Dataset" alt="" coords="140,157,212,184">
<area shape="rect" href="$classRenderer.html" title="Renderer" alt="" coords="136,335,216,361">
<area shape="rect" href="$classOHLCDataset.html" title="OHLCDataset" alt="" coords="269,107,376,133">
<area shape="rect" href="$classXYDataset.html" title="XYDataset" alt="" coords="279,157,367,184">
<area shape="rect" href="$classCategoryDataset.html" title="CategoryDataset" alt="" coords="459,5,589,32">
<area shape="rect" href="$classPolynom.html" title="Polynom" alt="" coords="487,56,561,83">
<area shape="rect" href="$classSineFunction.html" title="SineFunction" alt="" coords="472,107,576,133">
<area shape="rect" href="$classVectorDataset.html" title="VectorDataset" alt="" coords="468,157,580,184">
<area shape="rect" href="$classXYStepDataset.html" title="XYStepDataset" alt="" coords="464,208,584,235">
<area shape="rect" href="$classXYZDataset.html" title="XYZDataset" alt="" coords="475,259,573,285">
<area shape="rect" href="$classGanttDataset.html" title="GanttDataset" alt="" coords="668,5,775,32">
<area shape="rect" href="$classBarRenderer.html" title="BarRenderer" alt="" coords="272,259,373,285">
<area shape="rect" href="$classGanttRenderer.html" title="GanttRenderer" alt="" coords="265,309,380,336">
<area shape="rect" href="$classOHLCRenderer.html" title="OHLCRenderer" alt="" coords="265,360,380,387">
<area shape="rect" href="$classXYRenderer.html" title="XYRenderer" alt="" coords="275,411,371,437">
<area shape="rect" href="$classOHLCBarRenderer.html" title="OHLCBarRenderer" alt="" coords="456,309,592,336">
<area shape="rect" href="$classOHLCCandlestickRenderer.html" title="OHLCCandlestickRenderer" alt="" coords="431,360,617,387">
<area shape="rect" href="$classXYHistoRenderer.html" title="XYHistoRenderer" alt="" coords="460,461,588,488">
<area shape="rect" href="$classXYLineRenderer.html" title="XYLineRenderer" alt="" coords="463,512,585,539">
