<area shape="rect" href="$classXYPlot.html" title="XYPlot" alt="" coords="493,743,555,769">
<area shape="rect" href="$classAxisPlot.html" title="AxisPlot" alt="" coords="488,663,560,689">
<area shape="rect" href="$classPlot.html" title="Plot" alt="" coords="133,481,179,508">
<area shape="rect" href="$classObservable.html" title="Observable\&lt; PlotObserver \&gt;" alt="" coords="5,385,211,412">
<area shape="rect" href="$classAreaDraw.html" title="AreaDraw" alt="" coords="235,385,317,412">
<area shape="rect" href="$classLegend.html" title="Legend" alt="" coords="420,481,487,508">
<area shape="rect" href="$classDatasetObserver.html" title="DatasetObserver" alt="" coords="511,481,641,508">
<area shape="rect" href="$classArray.html" title="Array\&lt; Axis, 1 \&gt;" alt="" coords="665,481,793,508">
<area shape="rect" href="$classAxis.html" title="Axis" alt="" coords="683,385,731,412">
<area shape="rect" href="$classObservable.html" title="Observable\&lt; AxisObserver \&gt;" alt="" coords="409,279,617,305">
<area shape="rect" href="$classArray.html" title="Array\&lt; Dataset, 1, true \&gt;" alt="" coords="641,279,828,305">
<area shape="rect" href="$classDataset.html" title="Dataset" alt="" coords="796,183,868,209">
<area shape="rect" href="$classArray.html" title="Array\&lt; Dataset, 1 \&gt;" alt="" coords="789,332,941,359">
<area shape="rect" href="$classRefObject.html" title="RefObject" alt="" coords="740,7,823,33">
<area shape="rect" href="$classRenderer.html" title="Renderer" alt="" coords="792,87,872,113">
<area shape="rect" href="$classObservable.html" title="Observable\&lt; DatasetObserver \&gt;" alt="" coords="896,87,1128,113">
