<area shape="rect" href="$classAxisPlot.html" title="AxisPlot" alt="" coords="195,107,267,133">
<area shape="rect" href="$classDataset.html" title="Dataset" alt="" coords="195,183,267,209">
<area shape="rect" href="$classXYHistoRenderer.html" title="XYHistoRenderer" alt="" coords="167,233,295,260">
<area shape="rect" href="$classBubblePlot.html" title="BubblePlot" alt="" coords="355,5,443,32">
<area shape="rect" href="$classGanttPlot.html" title="GanttPlot" alt="" coords="359,56,439,83">
<area shape="rect" href="$classXYPlot.html" title="XYPlot" alt="" coords="368,107,429,133">
<area shape="rect" href="$classBarPlot.html" title="BarPlot" alt="" coords="535,56,601,83">
<area shape="rect" href="$classOHLCPlot.html" title="OHLCPlot" alt="" coords="528,107,608,133">
<area shape="rect" href="$classOHLCDataset.html" title="OHLCDataset" alt="" coords="345,183,452,209">
<area shape="rect" href="$classXYDataset.html" title="XYDataset" alt="" coords="355,259,443,285">
<area shape="rect" href="$classCategoryDataset.html" title="CategoryDataset" alt="" coords="503,157,633,184">
<area shape="rect" href="$classPolynom.html" title="Polynom" alt="" coords="531,208,605,235">
<area shape="rect" href="$classSineFunction.html" title="SineFunction" alt="" coords="516,259,620,285">
<area shape="rect" href="$classVectorDataset.html" title="VectorDataset" alt="" coords="512,309,624,336">
<area shape="rect" href="$classXYSimpleDataset.html" title="XYSimpleDataset" alt="" coords="501,360,635,387">
<area shape="rect" href="$classXYZDataset.html" title="XYZDataset" alt="" coords="519,411,617,437">
<area shape="rect" href="$classCategorySimpleDataset.html" title="CategorySimpleDataset" alt="" coords="684,132,857,159">
<area shape="rect" href="$classGanttDataset.html" title="GanttDataset" alt="" coords="717,183,824,209">
<area shape="rect" href="$classGanttSimpleDataset.html" title="GanttSimpleDataset" alt="" coords="907,183,1059,209">
