<area shape="rect" href="$classRefObject.html" title="RefObject" alt="" coords="276,43,359,69">
<area shape="rect" href="$classDataset.html" title="Dataset" alt="" coords="771,93,843,120">
<area shape="rect" href="$classRenderer.html" title="Renderer" alt="" coords="492,93,572,120">
<area shape="rect" href="$classObservable.html" title="Observable\&lt; ChartObserver \&gt;" alt="" coords="1277,317,1493,344">
<area shape="rect" href="$classPlotObserver.html" title="PlotObserver" alt="" coords="1333,368,1437,395">
<area shape="rect" href="$classAxisObserver.html" title="AxisObserver" alt="" coords="1333,419,1437,445">
<area shape="rect" href="$classAreaDraw.html" title="AreaDraw" alt="" coords="988,245,1071,272">
<area shape="rect" href="$classPlot.html" title="Plot" alt="" coords="1363,201,1408,228">
<area shape="rect" href="$classObservable.html" title="Observable\&lt; DrawObserver \&gt;" alt="" coords="5,207,219,233">
<area shape="rect" href="$classAxis.html" title="Axis" alt="" coords="1361,133,1409,160">
<area shape="rect" href="$classObservable.html" title="Observable\&lt; AxisObserver \&gt;" alt="" coords="925,133,1133,160">
<area shape="rect" href="$classArray.html" title="Array\&lt; Dataset, 1, true \&gt;" alt="" coords="936,83,1123,109">
<area shape="rect" href="$classObservable.html" title="Observable\&lt; DatasetObserver \&gt;" alt="" coords="416,144,648,171">
<area shape="rect" href="$classObservable.html" title="Observable\&lt; PlotObserver \&gt;" alt="" coords="927,184,1132,211">
