<area shape="rect" href="$classPlot.html" title="Plot" alt="" coords="2083,59,2128,85">
<area shape="rect" href="$classObservable.html" title="Observable\&lt; PlotObserver \&gt;" alt="" coords="1624,59,1829,85">
<area shape="rect" href="$classAreaDraw.html" title="AreaDraw" alt="" coords="1685,144,1768,171">
<area shape="rect" href="$classLegend.html" title="Legend" alt="" coords="2072,109,2139,136">
<area shape="rect" href="$classMarker.html" title="Marker" alt="" coords="500,83,564,109">
<area shape="rect" href="$classRenderer.html" title="Renderer" alt="" coords="492,444,572,471">
<area shape="rect" href="$classObservable.html" title="Observable\&lt; DrawObserver \&gt;" alt="" coords="5,144,219,171">
<area shape="rect" href="$classDataset.html" title="Dataset" alt="" coords="771,444,843,471">
<area shape="rect" href="$classDatasetObserver.html" title="DatasetObserver" alt="" coords="2040,160,2171,187">
<area shape="rect" href="$classAxisObserver.html" title="AxisObserver" alt="" coords="2053,211,2157,237">
<area shape="rect" href="$classArray.html" title="Array\&lt; Marker, 1 \&gt;" alt="" coords="868,29,1012,56">
<area shape="rect" href="$classArray.html" title="Array\&lt; Axis, 1 \&gt;" alt="" coords="1861,515,1989,541">
<area shape="rect" href="$classAxis.html" title="Axis" alt="" coords="1445,457,1493,484">
<area shape="rect" href="$classObservable.html" title="Observable\&lt; AxisObserver \&gt;" alt="" coords="1037,432,1245,459">
<area shape="rect" href="$classArray.html" title="Array\&lt; Dataset, 1, true \&gt;" alt="" coords="1048,483,1235,509">
<area shape="rect" href="$classArray.html" title="Array\&lt; Dataset, 1 \&gt;" alt="" coords="1269,568,1421,595">
<area shape="rect" href="$classRefObject.html" title="RefObject" alt="" coords="276,409,359,436">
<area shape="rect" href="$classObservable.html" title="Observable\&lt; DatasetObserver \&gt;" alt="" coords="416,495,648,521">
<area shape="rect" href="$classArray.html" title="Array\&lt; DataAxisLink, 1 \&gt;" alt="" coords="2013,377,2197,404">
