<area shape="rect" href="$classAxisPlot.html" title="AxisPlot" alt="" coords="195,107,267,133">
<area shape="rect" href="$classDataset.html" title="Dataset" alt="" coords="195,208,267,235">
<area shape="rect" href="$classXYHistoRenderer.html" title="XYHistoRenderer" alt="" coords="167,259,295,285">
<area shape="rect" href="$classBubblePlot.html" title="BubblePlot" alt="" coords="355,5,443,32">
<area shape="rect" href="$classGanttPlot.html" title="GanttPlot" alt="" coords="359,56,439,83">
<area shape="rect" href="$classXYPlot.html" title="XYPlot" alt="" coords="368,107,429,133">
<area shape="rect" href="$classBarPlot.html" title="BarPlot" alt="" coords="541,56,608,83">
<area shape="rect" href="$classOHLCPlot.html" title="OHLCPlot" alt="" coords="535,107,615,133">
<area shape="rect" href="$classOHLCDataset.html" title="OHLCDataset" alt="" coords="345,208,452,235">
<area shape="rect" href="$classXYDataset.html" title="XYDataset" alt="" coords="355,284,443,311">
<area shape="rect" href="$classCategoryDataset.html" title="CategoryDataset" alt="" coords="509,157,640,184">
<area shape="rect" href="$classPolynom.html" title="Polynom" alt="" coords="537,208,612,235">
<area shape="rect" href="$classSineFunction.html" title="SineFunction" alt="" coords="523,259,627,285">
<area shape="rect" href="$classVectorDataset.html" title="VectorDataset" alt="" coords="519,309,631,336">
<area shape="rect" href="$classXYDynamicDataset.html" title="XYDynamicDataset" alt="" coords="503,360,647,387">
<area shape="rect" href="$classXYSimpleDataset.html" title="XYSimpleDataset" alt="" coords="508,411,641,437">
<area shape="rect" href="$classXYZDataset.html" title="XYZDataset" alt="" coords="525,461,624,488">
<area shape="rect" href="$classCategorySimpleDataset.html" title="CategorySimpleDataset" alt="" coords="697,132,871,159">
<area shape="rect" href="$classGanttDataset.html" title="GanttDataset" alt="" coords="731,183,837,209">
<area shape="rect" href="$classGanttSimpleDataset.html" title="GanttSimpleDataset" alt="" coords="920,183,1072,209">
