<area shape="rect" href="$classChart.html" title="Chart" alt="" coords="148,107,204,133">
<area shape="rect" href="$classDataset.html" title="Dataset" alt="" coords="140,157,212,184">
<area shape="rect" href="$classRenderer.html" title="Renderer" alt="" coords="136,284,216,311">
<area shape="rect" href="$classXYDataset.html" title="XYDataset" alt="" coords="288,157,376,184">
<area shape="rect" href="$classCategoryDataset.html" title="CategoryDataset" alt="" coords="477,5,608,32">
<area shape="rect" href="$classPolynom.html" title="Polynom" alt="" coords="505,56,580,83">
<area shape="rect" href="$classSineFunction.html" title="SineFunction" alt="" coords="491,107,595,133">
<area shape="rect" href="$classVectorDataset.html" title="VectorDataset" alt="" coords="487,157,599,184">
<area shape="rect" href="$classXYStepDataset.html" title="XYStepDataset" alt="" coords="483,208,603,235">
<area shape="rect" href="$classXYZDataset.html" title="XYZDataset" alt="" coords="493,259,592,285">
<area shape="rect" href="$classBarRenderer.html" title="BarRenderer" alt="" coords="281,233,383,260">
<area shape="rect" href="$classOHLCRenderer.html" title="OHLCRenderer" alt="" coords="275,335,389,361">
<area shape="rect" href="$classXYRenderer.html" title="XYRenderer" alt="" coords="284,436,380,463">
<area shape="rect" href="$classOHLCBarRenderer.html" title="OHLCBarRenderer" alt="" coords="475,309,611,336">
<area shape="rect" href="$classOHLCCandlestickRenderer.html" title="OHLCCandlestickRenderer" alt="" coords="449,360,636,387">
<area shape="rect" href="$classXYHistoRenderer.html" title="XYHistoRenderer" alt="" coords="479,461,607,488">
<area shape="rect" href="$classXYLineRenderer.html" title="XYLineRenderer" alt="" coords="481,512,604,539">
