<area shape="rect" href="$classAxisObserver.html" title="AxisObserver" alt="" coords="331,132,435,159">
<area shape="rect" href="$classAxisPlot.html" title="AxisPlot" alt="" coords="579,81,651,108">
<area shape="rect" href="$classChart.html" title="Chart" alt="" coords="587,183,643,209">
<area shape="rect" href="$classBubblePlot.html" title="BubblePlot" alt="" coords="777,5,865,32">
<area shape="rect" href="$classGanttPlot.html" title="GanttPlot" alt="" coords="781,56,861,83">
<area shape="rect" href="$classXYPlot.html" title="XYPlot" alt="" coords="791,107,852,133">
<area shape="rect" href="$classBarPlot.html" title="BarPlot" alt="" coords="1021,56,1088,83">
<area shape="rect" href="$classOHLCPlot.html" title="OHLCPlot" alt="" coords="1015,107,1095,133">
<area shape="rect" href="$classDatasetObserver.html" title="DatasetObserver" alt="" coords="317,31,448,57">
<area shape="rect" href="$classPiePlot.html" title="PiePlot" alt="" coords="583,31,647,57">
<area shape="rect" href="$classGanttDatasetDateHelper.html" title="GanttDatasetDateHelper" alt="" coords="731,461,912,488">
<area shape="rect" href="$classOHLCDataset.html" title="OHLCDataset" alt="" coords="768,411,875,437">
<area shape="rect" href="$classDrawObserver.html" title="DrawObserver" alt="" coords="327,360,439,387">
<area shape="rect" href="$classDataset.html" title="Dataset" alt="" coords="579,411,651,437">
<area shape="rect" href="$classXYHistoRenderer.html" title="XYHistoRenderer" alt="" coords="991,461,1119,488">
<area shape="rect" href="$classXYDataset.html" title="XYDataset" alt="" coords="777,309,865,336">
<area shape="rect" href="$classCategoryDataset.html" title="CategoryDataset" alt="" coords="989,157,1120,184">
<area shape="rect" href="$classPolynom.html" title="Polynom" alt="" coords="1017,208,1092,235">
<area shape="rect" href="$classSineFunction.html" title="SineFunction" alt="" coords="1003,259,1107,285">
<area shape="rect" href="$classVectorDataset.html" title="VectorDataset" alt="" coords="999,309,1111,336">
<area shape="rect" href="$classXYSimpleDataset.html" title="XYSimpleDataset" alt="" coords="988,360,1121,387">
<area shape="rect" href="$classXYZDataset.html" title="XYZDataset" alt="" coords="1005,411,1104,437">
<area shape="rect" href="$classCategorySimpleDataset.html" title="CategorySimpleDataset" alt="" coords="1199,132,1372,159">
<area shape="rect" href="$classGanttDataset.html" title="GanttDataset" alt="" coords="1232,183,1339,209">
<area shape="rect" href="$classGanttSimpleDataset.html" title="GanttSimpleDataset" alt="" coords="1421,183,1573,209">
<area shape="rect" href="$classObservable.html" title="Observable\&lt; ChartObserver \&gt;" alt="" coords="275,233,491,260">
<area shape="rect" href="$classObservable.html" title="Observable\&lt; DatasetObserver \&gt;" alt="" coords="267,411,499,437">
<area shape="rect" href="$classObservable.html" title="Observable\&lt; DrawObserver \&gt;" alt="" coords="5,765,219,792">
<area shape="rect" href="$classDrawObject.html" title="DrawObject" alt="" coords="336,765,429,792">
<area shape="rect" href="$classAreaDraw.html" title="AreaDraw" alt="" coords="573,841,656,868">
<area shape="rect" href="$classMarker.html" title="Marker" alt="" coords="583,765,647,792">
<area shape="rect" href="$classRenderer.html" title="Renderer" alt="" coords="575,613,655,640">
<area shape="rect" href="$classFillAreaDraw.html" title="FillAreaDraw" alt="" coords="772,867,871,893">
<area shape="rect" href="$classGradientAreaDraw.html" title="GradientAreaDraw" alt="" coords="752,917,891,944">
<area shape="rect" href="$classNoAreaDraw.html" title="NoAreaDraw" alt="" coords="771,816,872,843">
<area shape="rect" href="$classPointMarker.html" title="PointMarker" alt="" coords="773,765,869,792">
<area shape="rect" href="$classBarRenderer.html" title="BarRenderer" alt="" coords="771,664,872,691">
<area shape="rect" href="$classGanttRenderer.html" title="GanttRenderer" alt="" coords="764,715,879,741">
<area shape="rect" href="$classOHLCRenderer.html" title="OHLCRenderer" alt="" coords="764,563,879,589">
<area shape="rect" href="$classXYRenderer.html" title="XYRenderer" alt="" coords="773,512,869,539">
<area shape="rect" href="$classXYZRenderer.html" title="XYZRenderer" alt="" coords="768,613,875,640">
<area shape="rect" href="$classOHLCBarRenderer.html" title="OHLCBarRenderer" alt="" coords="987,563,1123,589">
<area shape="rect" href="$classOHLCCandlestickRenderer.html" title="OHLCCandlestickRenderer" alt="" coords="961,613,1148,640">
<area shape="rect" href="$classXYLineRenderer.html" title="XYLineRenderer" alt="" coords="993,512,1116,539">
<area shape="rect" href="$classObservable.html" title="Observable\&lt; PlotObserver \&gt;" alt="" coords="9,81,215,108">
<area shape="rect" href="$classPlot.html" title="Plot" alt="" coords="360,81,405,108">
<area shape="rect" href="$classPlotObserver.html" title="PlotObserver" alt="" coords="331,183,435,209">
<area shape="rect" href="$classRefObject.html" title="RefObject" alt="" coords="341,537,424,564">
