<area shape="rect" href="$classRefObject.html" title="RefObject" alt="" coords="15,7,97,33">
<area shape="rect" href="$classDataset.html" title="Dataset" alt="" coords="97,183,169,209">
<area shape="rect" href="$classRenderer.html" title="Renderer" alt="" coords="93,87,173,113">
<area shape="rect" href="$classObservable.html" title="Observable\&lt; ChartObserver \&gt;" alt="" coords="184,375,400,401">
<area shape="rect" href="$classPlotObserver.html" title="PlotObserver" alt="" coords="424,375,528,401">
<area shape="rect" href="$classAreaDraw.html" title="AreaDraw" alt="" coords="535,279,617,305">
<area shape="rect" href="$classPlot.html" title="Plot" alt="" coords="695,375,740,401">
<area shape="rect" href="$classAxis.html" title="Axis" alt="" coords="112,375,160,401">
<area shape="rect" href="$classObservable.html" title="Observable\&lt; AxisObserver \&gt;" alt="" coords="253,279,461,305">
<area shape="rect" href="$classArray.html" title="Array\&lt; Dataset, 1, true \&gt;" alt="" coords="43,279,229,305">
<area shape="rect" href="$classObservable.html" title="Observable\&lt; DatasetObserver \&gt;" alt="" coords="197,87,429,113">
<area shape="rect" href="$classObservable.html" title="Observable\&lt; PlotObserver \&gt;" alt="" coords="641,279,847,305">
