<area shape="rect" href="$classObservable.html" title="Observable\&lt; ChartObserver \&gt;" alt="" coords="13,31,229,57">
<area shape="rect" href="$classChart.html" title="Chart" alt="" coords="297,81,353,108">
<area shape="rect" href="$classObservable.html" title="Observable\&lt; DatasetObserver \&gt;" alt="" coords="5,233,237,260">
<area shape="rect" href="$classDataset.html" title="Dataset" alt="" coords="289,233,361,260">
<area shape="rect" href="$classXYDataset.html" title="XYDataset" alt="" coords="428,309,516,336">
<area shape="rect" href="$classCategoryDataset.html" title="CategoryDataset" alt="" coords="608,208,739,235">
<area shape="rect" href="$classPolynom.html" title="Polynom" alt="" coords="636,259,711,285">
<area shape="rect" href="$classSineFunction.html" title="SineFunction" alt="" coords="621,309,725,336">
<area shape="rect" href="$classVectorDataset.html" title="VectorDataset" alt="" coords="617,360,729,387">
<area shape="rect" href="$classXYStepDataset.html" title="XYStepDataset" alt="" coords="613,411,733,437">
<area shape="rect" href="$classXYZDataset.html" title="XYZDataset" alt="" coords="624,461,723,488">
<area shape="rect" href="$classPlotObserver.html" title="PlotObserver" alt="" coords="69,81,173,108">
<area shape="rect" href="$classRefObject.html" title="RefObject" alt="" coords="80,132,163,159">
<area shape="rect" href="$classRenderer.html" title="Renderer" alt="" coords="285,132,365,159">
<area shape="rect" href="$classBarRenderer.html" title="BarRenderer" alt="" coords="421,107,523,133">
<area shape="rect" href="$classOHLCRenderer.html" title="OHLCRenderer" alt="" coords="415,157,529,184">
<area shape="rect" href="$classXYRenderer.html" title="XYRenderer" alt="" coords="424,56,520,83">
<area shape="rect" href="$classOHLCBarRenderer.html" title="OHLCBarRenderer" alt="" coords="605,107,741,133">
<area shape="rect" href="$classOHLCCandlestickRenderer.html" title="OHLCCandlestickRenderer" alt="" coords="580,157,767,184">
<area shape="rect" href="$classXYHistoRenderer.html" title="XYHistoRenderer" alt="" coords="609,5,737,32">
<area shape="rect" href="$classXYLineRenderer.html" title="XYLineRenderer" alt="" coords="612,56,735,83">
