<area shape="rect" href="$classBarRenderer.html" title="BarRenderer" alt="" coords="547,5,648,32">
<area shape="rect" href="$classGanttRenderer.html" title="GanttRenderer" alt="" coords="540,56,655,83">
<area shape="rect" href="$classOHLCRenderer.html" title="OHLCRenderer" alt="" coords="540,107,655,133">
<area shape="rect" href="$classXYRenderer.html" title="XYRenderer" alt="" coords="549,157,645,184">
<area shape="rect" href="$classObservable.html" title="Observable\&lt; DrawObserver \&gt;" alt="" coords="5,81,219,108">
<area shape="rect" href="$classRefObject.html" title="RefObject" alt="" coords="273,132,356,159">
<area shape="rect" href="$classOHLCBarRenderer.html" title="OHLCBarRenderer" alt="" coords="731,56,867,83">
<area shape="rect" href="$classOHLCCandlestickRenderer.html" title="OHLCCandlestickRenderer" alt="" coords="705,107,892,133">
<area shape="rect" href="$classXYHistoRenderer.html" title="XYHistoRenderer" alt="" coords="735,208,863,235">
<area shape="rect" href="$classXYLineRenderer.html" title="XYLineRenderer" alt="" coords="737,259,860,285">
