<area shape="rect" href="$classDataset.html" title="Dataset" alt="" coords="140,208,212,235">
<area shape="rect" href="$classRenderer.html" title="Renderer" alt="" coords="136,411,216,437">
<area shape="rect" href="$classOHLCDataset.html" title="OHLCDataset" alt="" coords="269,157,376,184">
<area shape="rect" href="$classXYDataset.html" title="XYDataset" alt="" coords="279,208,367,235">
<area shape="rect" href="$classCategoryDataset.html" title="CategoryDataset" alt="" coords="459,31,589,57">
<area shape="rect" href="$classPolynom.html" title="Polynom" alt="" coords="487,81,561,108">
<area shape="rect" href="$classSineFunction.html" title="SineFunction" alt="" coords="472,132,576,159">
<area shape="rect" href="$classVectorDataset.html" title="VectorDataset" alt="" coords="468,183,580,209">
<area shape="rect" href="$classXYDynamicDataset.html" title="XYDynamicDataset" alt="" coords="452,233,596,260">
<area shape="rect" href="$classXYSimpleDataset.html" title="XYSimpleDataset" alt="" coords="457,284,591,311">
<area shape="rect" href="$classXYZDataset.html" title="XYZDataset" alt="" coords="475,335,573,361">
<area shape="rect" href="$classCategorySimpleDataset.html" title="CategorySimpleDataset" alt="" coords="668,5,841,32">
<area shape="rect" href="$classGanttDataset.html" title="GanttDataset" alt="" coords="701,56,808,83">
<area shape="rect" href="$classGanttSimpleDataset.html" title="GanttSimpleDataset" alt="" coords="891,56,1043,83">
<area shape="rect" href="$classBarRenderer.html" title="BarRenderer" alt="" coords="272,335,373,361">
<area shape="rect" href="$classGanttRenderer.html" title="GanttRenderer" alt="" coords="265,385,380,412">
<area shape="rect" href="$classOHLCRenderer.html" title="OHLCRenderer" alt="" coords="265,436,380,463">
<area shape="rect" href="$classXYRenderer.html" title="XYRenderer" alt="" coords="275,487,371,513">
<area shape="rect" href="$classXYZRenderer.html" title="XYZRenderer" alt="" coords="269,537,376,564">
<area shape="rect" href="$classOHLCBarRenderer.html" title="OHLCBarRenderer" alt="" coords="456,385,592,412">
<area shape="rect" href="$classOHLCCandlestickRenderer.html" title="OHLCCandlestickRenderer" alt="" coords="431,436,617,463">
<area shape="rect" href="$classXYHistoRenderer.html" title="XYHistoRenderer" alt="" coords="460,537,588,564">
<area shape="rect" href="$classXYLineRenderer.html" title="XYLineRenderer" alt="" coords="693,563,816,589">
<area shape="rect" href="$classXYLineStepRenderer.html" title="XYLineStepRenderer" alt="" coords="679,613,831,640">
