<area shape="rect" href="$classDataset.html" title="Dataset" alt="" coords="140,183,212,209">
<area shape="rect" href="$classRenderer.html" title="Renderer" alt="" coords="136,360,216,387">
<area shape="rect" href="$classOHLCDataset.html" title="OHLCDataset" alt="" coords="269,132,376,159">
<area shape="rect" href="$classXYDataset.html" title="XYDataset" alt="" coords="279,183,367,209">
<area shape="rect" href="$classCategoryDataset.html" title="CategoryDataset" alt="" coords="459,31,589,57">
<area shape="rect" href="$classPolynom.html" title="Polynom" alt="" coords="487,81,561,108">
<area shape="rect" href="$classSineFunction.html" title="SineFunction" alt="" coords="472,132,576,159">
<area shape="rect" href="$classVectorDataset.html" title="VectorDataset" alt="" coords="468,183,580,209">
<area shape="rect" href="$classXYSimpleDataset.html" title="XYSimpleDataset" alt="" coords="457,233,591,260">
<area shape="rect" href="$classXYZDataset.html" title="XYZDataset" alt="" coords="475,284,573,311">
<area shape="rect" href="$classCategorySimpleDataset.html" title="CategorySimpleDataset" alt="" coords="668,5,841,32">
<area shape="rect" href="$classGanttDataset.html" title="GanttDataset" alt="" coords="701,56,808,83">
<area shape="rect" href="$classGanttSimpleDataset.html" title="GanttSimpleDataset" alt="" coords="891,56,1043,83">
<area shape="rect" href="$classBarRenderer.html" title="BarRenderer" alt="" coords="272,284,373,311">
<area shape="rect" href="$classGanttRenderer.html" title="GanttRenderer" alt="" coords="265,335,380,361">
<area shape="rect" href="$classOHLCRenderer.html" title="OHLCRenderer" alt="" coords="265,385,380,412">
<area shape="rect" href="$classXYRenderer.html" title="XYRenderer" alt="" coords="275,436,371,463">
<area shape="rect" href="$classXYZRenderer.html" title="XYZRenderer" alt="" coords="269,487,376,513">
<area shape="rect" href="$classOHLCBarRenderer.html" title="OHLCBarRenderer" alt="" coords="456,335,592,361">
<area shape="rect" href="$classOHLCCandlestickRenderer.html" title="OHLCCandlestickRenderer" alt="" coords="431,385,617,412">
<area shape="rect" href="$classXYHistoRenderer.html" title="XYHistoRenderer" alt="" coords="460,487,588,513">
<area shape="rect" href="$classXYLineRenderer.html" title="XYLineRenderer" alt="" coords="463,537,585,564">
