<area shape="rect" href="$classAxisObserver.html" title="AxisObserver" alt="" coords="331,145,435,172">
<area shape="rect" href="$classAxisPlot.html" title="AxisPlot" alt="" coords="579,95,651,121">
<area shape="rect" href="$classChart.html" title="Chart" alt="" coords="587,221,643,248">
<area shape="rect" href="$classGanttPlot.html" title="GanttPlot" alt="" coords="781,5,861,32">
<area shape="rect" href="$classOHLCPlot.html" title="OHLCPlot" alt="" coords="781,56,861,83">
<area shape="rect" href="$classXYPlot.html" title="XYPlot" alt="" coords="791,107,852,133">
<area shape="rect" href="$classBarPlot.html" title="BarPlot" alt="" coords="1021,81,1088,108">
<area shape="rect" href="$classDatasetObserver.html" title="DatasetObserver" alt="" coords="317,44,448,71">
<area shape="rect" href="$classPiePlot.html" title="PiePlot" alt="" coords="583,44,647,71">
<area shape="rect" href="$classGanttDatasetDateHelper.html" title="GanttDatasetDateHelper" alt="" coords="731,399,912,425">
<area shape="rect" href="$classOHLCDataset.html" title="OHLCDataset" alt="" coords="768,348,875,375">
<area shape="rect" href="$classDataset.html" title="Dataset" alt="" coords="579,348,651,375">
<area shape="rect" href="$classXYHistoRenderer.html" title="XYHistoRenderer" alt="" coords="991,436,1119,463">
<area shape="rect" href="$classXYDataset.html" title="XYDataset" alt="" coords="777,247,865,273">
<area shape="rect" href="$classCategoryDataset.html" title="CategoryDataset" alt="" coords="989,284,1120,311">
<area shape="rect" href="$classPolynom.html" title="Polynom" alt="" coords="1017,335,1092,361">
<area shape="rect" href="$classSineFunction.html" title="SineFunction" alt="" coords="1003,385,1107,412">
<area shape="rect" href="$classVectorDataset.html" title="VectorDataset" alt="" coords="999,132,1111,159">
<area shape="rect" href="$classXYStepDataset.html" title="XYStepDataset" alt="" coords="995,183,1115,209">
<area shape="rect" href="$classXYZDataset.html" title="XYZDataset" alt="" coords="1005,233,1104,260">
<area shape="rect" href="$classGanttDataset.html" title="GanttDataset" alt="" coords="1199,284,1305,311">
<area shape="rect" href="$classObservable.html" title="Observable\&lt; ChartObserver \&gt;" alt="" coords="275,247,491,273">
<area shape="rect" href="$classObservable.html" title="Observable\&lt; DatasetObserver \&gt;" alt="" coords="267,399,499,425">
<area shape="rect" href="$classObservable.html" title="Observable\&lt; DrawObserver \&gt;" alt="" coords="5,652,219,679">
<area shape="rect" href="$classAreaDraw.html" title="AreaDraw" alt="" coords="573,728,656,755">
<area shape="rect" href="$classMarker.html" title="Marker" alt="" coords="583,652,647,679">
<area shape="rect" href="$classRenderer.html" title="Renderer" alt="" coords="575,525,655,552">
<area shape="rect" href="$classFillAreaDraw.html" title="FillAreaDraw" alt="" coords="772,753,871,780">
<area shape="rect" href="$classGradientAreaDraw.html" title="GradientAreaDraw" alt="" coords="752,804,891,831">
<area shape="rect" href="$classNoAreaDraw.html" title="NoAreaDraw" alt="" coords="771,703,872,729">
<area shape="rect" href="$classPointMarker.html" title="PointMarker" alt="" coords="773,652,869,679">
<area shape="rect" href="$classBarRenderer.html" title="BarRenderer" alt="" coords="771,500,872,527">
<area shape="rect" href="$classGanttRenderer.html" title="GanttRenderer" alt="" coords="764,551,879,577">
<area shape="rect" href="$classOHLCRenderer.html" title="OHLCRenderer" alt="" coords="764,601,879,628">
<area shape="rect" href="$classXYRenderer.html" title="XYRenderer" alt="" coords="773,449,869,476">
<area shape="rect" href="$classOHLCBarRenderer.html" title="OHLCBarRenderer" alt="" coords="987,627,1123,653">
<area shape="rect" href="$classOHLCCandlestickRenderer.html" title="OHLCCandlestickRenderer" alt="" coords="961,576,1148,603">
<area shape="rect" href="$classXYLineRenderer.html" title="XYLineRenderer" alt="" coords="993,487,1116,513">
<area shape="rect" href="$classObservable.html" title="Observable\&lt; PlotObserver \&gt;" alt="" coords="9,95,215,121">
<area shape="rect" href="$classPlot.html" title="Plot" alt="" coords="360,95,405,121">
<area shape="rect" href="$classPlotObserver.html" title="PlotObserver" alt="" coords="331,196,435,223">
<area shape="rect" href="$classRefObject.html" title="RefObject" alt="" coords="341,348,424,375">
