<area shape="rect" href="$classAxisObserver.html" title="AxisObserver" alt="" coords="331,107,435,133">
<area shape="rect" href="$classAxisPlot.html" title="AxisPlot" alt="" coords="579,208,651,235">
<area shape="rect" href="$classChart.html" title="Chart" alt="" coords="587,56,643,83">
<area shape="rect" href="$classBubblePlot.html" title="BubblePlot" alt="" coords="777,132,865,159">
<area shape="rect" href="$classGanttPlot.html" title="GanttPlot" alt="" coords="781,183,861,209">
<area shape="rect" href="$classXYPlot.html" title="XYPlot" alt="" coords="791,233,852,260">
<area shape="rect" href="$classBarPlot.html" title="BarPlot" alt="" coords="1021,233,1088,260">
<area shape="rect" href="$classOHLCPlot.html" title="OHLCPlot" alt="" coords="1015,183,1095,209">
<area shape="rect" href="$classDatasetObserver.html" title="DatasetObserver" alt="" coords="317,208,448,235">
<area shape="rect" href="$classPiePlot.html" title="PiePlot" alt="" coords="583,157,647,184">
<area shape="rect" href="$classDateTimeDataset.html" title="DateTimeDataset" alt="" coords="548,563,681,589">
<area shape="rect" href="$classGanttDatasetDateHelper.html" title="GanttDatasetDateHelper" alt="" coords="731,563,912,589">
<area shape="rect" href="$classOHLCDataset.html" title="OHLCDataset" alt="" coords="768,512,875,539">
<area shape="rect" href="$classDrawObserver.html" title="DrawObserver" alt="" coords="327,461,439,488">
<area shape="rect" href="$classDataset.html" title="Dataset" alt="" coords="579,512,651,539">
<area shape="rect" href="$classXYHistoRenderer.html" title="XYHistoRenderer" alt="" coords="991,689,1119,716">
<area shape="rect" href="$classXYDataset.html" title="XYDataset" alt="" coords="777,411,865,437">
<area shape="rect" href="$classCategoryDataset.html" title="CategoryDataset" alt="" coords="989,487,1120,513">
<area shape="rect" href="$classPolynom.html" title="Polynom" alt="" coords="1017,537,1092,564">
<area shape="rect" href="$classSineFunction.html" title="SineFunction" alt="" coords="1003,588,1107,615">
<area shape="rect" href="$classVectorDataset.html" title="VectorDataset" alt="" coords="999,284,1111,311">
<area shape="rect" href="$classXYDynamicDataset.html" title="XYDynamicDataset" alt="" coords="983,335,1127,361">
<area shape="rect" href="$classXYSimpleDataset.html" title="XYSimpleDataset" alt="" coords="988,385,1121,412">
<area shape="rect" href="$classXYZDataset.html" title="XYZDataset" alt="" coords="1005,436,1104,463">
<area shape="rect" href="$classCategorySimpleDataset.html" title="CategorySimpleDataset" alt="" coords="1199,461,1372,488">
<area shape="rect" href="$classGanttDataset.html" title="GanttDataset" alt="" coords="1232,512,1339,539">
<area shape="rect" href="$classGanttSimpleDataset.html" title="GanttSimpleDataset" alt="" coords="1421,512,1573,539">
<area shape="rect" href="$classObservable.html" title="Observable\&lt; ChartObserver \&gt;" alt="" coords="275,5,491,32">
<area shape="rect" href="$classObservable.html" title="Observable\&lt; DatasetObserver \&gt;" alt="" coords="267,512,499,539">
<area shape="rect" href="$classObservable.html" title="Observable\&lt; DrawObserver \&gt;" alt="" coords="5,917,219,944">
<area shape="rect" href="$classDrawObject.html" title="DrawObject" alt="" coords="336,917,429,944">
<area shape="rect" href="$classAreaDraw.html" title="AreaDraw" alt="" coords="573,917,656,944">
<area shape="rect" href="$classMarker.html" title="Marker" alt="" coords="583,1019,647,1045">
<area shape="rect" href="$classRenderer.html" title="Renderer" alt="" coords="575,715,655,741">
<area shape="rect" href="$classFillAreaDraw.html" title="FillAreaDraw" alt="" coords="772,867,871,893">
<area shape="rect" href="$classGradientAreaDraw.html" title="GradientAreaDraw" alt="" coords="752,917,891,944">
<area shape="rect" href="$classNoAreaDraw.html" title="NoAreaDraw" alt="" coords="771,968,872,995">
<area shape="rect" href="$classLineMarker.html" title="LineMarker" alt="" coords="776,1069,867,1096">
<area shape="rect" href="$classRangeMarker.html" title="RangeMarker" alt="" coords="769,1019,873,1045">
<area shape="rect" href="$classBarRenderer.html" title="BarRenderer" alt="" coords="771,664,872,691">
<area shape="rect" href="$classGanttRenderer.html" title="GanttRenderer" alt="" coords="764,715,879,741">
<area shape="rect" href="$classOHLCRenderer.html" title="OHLCRenderer" alt="" coords="764,816,879,843">
<area shape="rect" href="$classXYRenderer.html" title="XYRenderer" alt="" coords="773,765,869,792">
<area shape="rect" href="$classXYZRenderer.html" title="XYZRenderer" alt="" coords="768,613,875,640">
<area shape="rect" href="$classOHLCBarRenderer.html" title="OHLCBarRenderer" alt="" coords="987,816,1123,843">
<area shape="rect" href="$classOHLCCandlestickRenderer.html" title="OHLCCandlestickRenderer" alt="" coords="961,867,1148,893">
<area shape="rect" href="$classXYLineRenderer.html" title="XYLineRenderer" alt="" coords="1224,740,1347,767">
<area shape="rect" href="$classXYLineStepRenderer.html" title="XYLineStepRenderer" alt="" coords="1209,791,1361,817">
<area shape="rect" href="$classObservable.html" title="Observable\&lt; PlotObserver \&gt;" alt="" coords="9,157,215,184">
<area shape="rect" href="$classPlot.html" title="Plot" alt="" coords="360,157,405,184">
<area shape="rect" href="$classMultiPlot.html" title="MultiPlot" alt="" coords="577,107,652,133">
<area shape="rect" href="$classPlotObserver.html" title="PlotObserver" alt="" coords="331,56,435,83">
<area shape="rect" href="$classRefObject.html" title="RefObject" alt="" coords="341,639,424,665">
