<area shape="rect" href="$classPlot.html" title="Plot" alt="" coords="177,359,223,385">
<area shape="rect" href="$classObservable.html" title="Observable\&lt; PlotObserver \&gt;" alt="" coords="5,263,211,289">
<area shape="rect" href="$classAreaDraw.html" title="AreaDraw" alt="" coords="235,263,317,289">
<area shape="rect" href="$classDatasetObserver.html" title="DatasetObserver" alt="" coords="247,359,377,385">
<area shape="rect" href="$classCategoryDataset.html" title="CategoryDataset" alt="" coords="401,359,532,385">
<area shape="rect" href="$classXYDataset.html" title="XYDataset" alt="" coords="423,263,511,289">
<area shape="rect" href="$classDataset.html" title="Dataset" alt="" coords="431,183,503,209">
<area shape="rect" href="$classRefObject.html" title="RefObject" alt="" coords="375,7,457,33">
<area shape="rect" href="$classRenderer.html" title="Renderer" alt="" coords="427,87,507,113">
<area shape="rect" href="$classObservable.html" title="Observable\&lt; DatasetObserver \&gt;" alt="" coords="531,87,763,113">
<area shape="rect" href="$classColorScheme.html" title="ColorScheme" alt="" coords="556,359,663,385">
